process 0 binding: 1 1 0 0 0 0 0 0 
process 1 binding: 0 0 0 0 1 1 0 0 
process 2 binding: 0 0 1 1 0 0 0 0 
process 3 binding: 0 0 0 0 0 0 1 1 
process 4 binding: 1 1 0 0 0 0 0 0 
process 5 binding: 0 0 0 0 1 1 0 0 
process 6 binding: 0 0 1 1 0 0 0 0 
process 7 binding: 0 0 0 0 0 0 1 1 
process 8 binding: 1 1 0 0 0 0 0 0 
process 9 binding: 0 0 0 0 1 1 0 0 
process 10 binding: 0 0 1 1 0 0 0 0 
process 11 binding: 0 0 0 0 0 0 1 1 
process 12 binding: 1 1 0 0 0 0 0 0 
process 13 binding: 0 0 0 0 1 1 0 0 
process 14 binding: 0 0 1 1 0 0 0 0 
process 15 binding: 0 0 0 0 0 0 1 1 
